LTspice 26.0.2 for Windows
Circuit: C:\Users\GURUR\Battery-Protection-PCB\simulations\LTspice\Smart_LiIon_Power_Management.net
Start Time: Thu Jul 23 22:36:07 2026
solver = Normal
Maximum thread count: 8
tnom = 27
temp = 27
method = trap
Direct Newton iteration succeeded in finding operating point.
Direct Newton iteration succeeded in finding operating point.
Direct Newton iteration succeeded in finding operating point.
Direct Newton iteration succeeded in finding operating point.
Direct Newton iteration succeeded in finding operating point.
Direct Newton iteration succeeded in finding operating point.
Direct Newton iteration succeeded in finding operating point.
Total elapsed time: 0.505 seconds.

Files loaded:
C:\Users\GURUR\Battery-Protection-PCB\simulations\LTspice\Smart_LiIon_Power_Management.net
C:\Users\GURUR\AppData\Local\LTspice\lib\cmp\standard.dio
C:\Users\GURUR\Battery-Protection-PCB\simulations\LTspice\1N5819.lib

